../Core/Src/CT_I2C.c:3:13:delay_us	24	static
../Core/Src/CT_I2C.c:10:13:CT_SDA_IN	32	static
../Core/Src/CT_I2C.c:21:13:CT_SDA_OUT	32	static
../Core/Src/CT_I2C.c:32:6:CT_I2C_Init	40	static
../Core/Src/CT_I2C.c:51:6:CT_I2C_Start	8	static
../Core/Src/CT_I2C.c:68:6:CT_I2C_Stop	8	static
../Core/Src/CT_I2C.c:82:6:CT_I2C_Send_Byte	24	static
../Core/Src/CT_I2C.c:115:9:CT_I2C_Read_Byte	24	static
../Core/Src/CT_I2C.c:138:9:CT_I2C_Wait_Ack	16	static
../Core/Src/CT_I2C.c:161:6:CT_I2C_Ack	8	static
../Core/Src/CT_I2C.c:176:6:CT_I2C_NAck	8	static
