../Core/Src/quadspi.c:34:6:MX_QUADSPI_Init	8	static
../Core/Src/quadspi.c:165:9:CSP_QUADSPI_Init	8	static
../Core/Src/quadspi.c:200:9:CSP_QSPI_Erase_Chip	64	static
../Core/Src/quadspi.c:231:9:QSPI_AutoPollingMemReady	96	static
../Core/Src/quadspi.c:261:16:QSPI_WriteEnable	96	static
../Core/Src/quadspi.c:302:9:QSPI_Configuration	72	static
../Core/Src/quadspi.c:393:9:CSP_QSPI_EraseBlock	80	static
../Core/Src/quadspi.c:423:9:CSP_QSPI_EraseSector	72	static
../Core/Src/quadspi.c:465:9:CSP_QSPI_WriteMemory	96	static
../Core/Src/quadspi.c:579:9:CSP_QSPI_EnableMemoryMappedMode	72	static
../Core/Src/quadspi.c:611:9:QSPI_ResetChip	72	static,ignoring_inline_asm
../Core/Src/quadspi.c:655:9:CSP_QSPI_Read	80	static
