../Core/Src/stm32f7xx_it.c:81:6:NMI_Handler	4	static
../Core/Src/stm32f7xx_it.c:96:6:HardFault_Handler	4	static
../Core/Src/stm32f7xx_it.c:111:6:MemManage_Handler	4	static
../Core/Src/stm32f7xx_it.c:126:6:BusFault_Handler	4	static
../Core/Src/stm32f7xx_it.c:141:6:UsageFault_Handler	4	static
../Core/Src/stm32f7xx_it.c:156:6:DebugMon_Handler	4	static
../Core/Src/stm32f7xx_it.c:176:6:EXTI0_IRQHandler	8	static
../Core/Src/stm32f7xx_it.c:190:6:TIM2_IRQHandler	8	static
../Core/Src/stm32f7xx_it.c:216:6:TIM6_DAC_IRQHandler	8	static
../Core/Src/stm32f7xx_it.c:230:6:LTDC_IRQHandler	8	static
../Core/Src/stm32f7xx_it.c:244:6:LTDC_ER_IRQHandler	8	static
../Core/Src/stm32f7xx_it.c:258:6:DMA2D_IRQHandler	8	static
